<html>
<body>
<pre>
<h1>µVision Build Log</h1>
<h2>Project:</h2>
C:\Users\Andres\Documents\Estancia de investigacion\MagLev\STM32F3\ADC_STM32F3\ADC_STM32F3.uvproj
Project File Date:  03/16/2014

<h2>Output:</h2>
Build target 'F3_Template'
assembling startup_stm32f30x.s...
compiling system_stm32f30x.c...
compiling main.c...
Source\main.c(62): warning:  #1-D: last line of file ends without a newline
  }
Source\main.c: 1 warning, 0 errors
linking...
Program Size: Code=1272 RO-data=424 RW-data=32 ZI-data=1632  
FromELF: creating hex file...
".\Output\F3_Template.axf" - 0 Error(s), 1 Warning(s).
</pre>
</body>
</html>
