<html>
<body>
<pre>
<h1>µVision Build Log</h1>
<h2>Project:</h2>
C:\Users\Andres\Documents\Estancia de investigacion\MagLev\STM32F3\PWM_STM32F3\PWM_STM32F3.uvproj
Project File Date:  04/27/2014

<h2>Output:</h2>
Rebuild target 'F3_Template'
assembling startup_stm32f30x.s...
compiling system_stm32f30x.c...
compiling main.c...
Source\main.c(2): warning:  #1295-D: Deprecated declaration TIM2_Config - give arg types
  void TIM2_Config();
Source\main.c: 1 warning, 0 errors
linking...
Program Size: Code=964 RO-data=424 RW-data=20 ZI-data=1636  
FromELF: creating hex file...
".\Output\F3_Template.axf" - 0 Error(s), 1 Warning(s).
Load "C:\\Users\\Andres\\Documents\\Estancia de investigacion\\MagLev\\STM32F3\\PWM_STM32F3\\Output\\F3_Template.axf" 
Full Chip Erase Done.
Programming Done.
Verify OK.
Application running ...
</pre>
</body>
</html>
ocuments\\Estancia de investigacion\\MagLev\\STM32F3\\PWM_STM32F3\\Output\\F3_Template.axf" 
Full Chip Erase Done.
Programming Done.
Verify OK.
Application running ...
Load "C:\\Users\\Andres\\Documents\\Estancia de investigacion\\MagLev\\STM32F3\\PWM_STM32F3\\Output\\F3_Template.axf" 
Full Chip Erase Done.
Programming Done.
Verify OK.
Application running ...
