<html>
<body>
<pre>
<h1>µVision Build Log</h1>
<h2>Project:</h2>
C:\Users\Andres\Documents\Estancia de investigacion\MagLev\STM32F3\MagLev\MagLev.uvproj
Project File Date:  05/04/2014

<h2>Output:</h2>
Rebuild target 'MagLev'
assembling startup_stm32f30x.s...
compiling system_stm32f30x.c...
compiling main.c...
Source\main.c(11): warning:  #1295-D: Deprecated declaration ADCConfig - give arg types
  void ADCConfig();
Source\main.c(12): warning:  #1295-D: Deprecated declaration readADC - give arg types
  void readADC();
Source\main.c(13): warning:  #1295-D: Deprecated declaration TIM3_Config - give arg types
  void TIM3_Config();
Source\main.c(42): warning:  #1035-D: single-precision operand implicitly converted to double-precision
                                        u_actual = (error_actual*259.8) - (error_pasado*2.126) - (u_pasado*0.4168);
Source\main.c(42): warning:  #1035-D: single-precision operand implicitly converted to double-precision
                                        u_actual = (error_actual*259.8) - (error_pasado*2.126) - (u_pasado*0.4168);
Source\main.c(42): warning:  #1035-D: single-precision operand implicitly converted to double-precision
                                        u_actual = (error_actual*259.8) - (error_pasado*2.126) - (u_pasado*0.4168);
Source\main.c(55): warning:  #1035-D: single-precision operand implicitly converted to double-precision
                                }else if(u_actual > 0.5){
Source\main.c(58): warning:  #1035-D: single-precision operand implicitly converted to double-precision
                                        dutyC = (int)((2325.5*u_actual) + 99.683);
Source\main.c(140): warning:  #1-D: last line of file ends without a newline
  }
Source\main.c: 9 warnings, 0 errors
linking...
Program Size: Code=4116 RO-data=424 RW-data=68 ZI-data=1636  
FromELF: creating hex file...
".\Output\F3_Template.axf" - 0 Error(s), 9 Warning(s).
Load "C:\\Users\\Andres\\Documents\\Estancia de investigacion\\MagLev\\STM32F3\\MagLev\\Output\\F3_Template.axf" 
Full Chip Erase Done.
Programming Done.
Verify OK.
Application running ...
Load "C:\\Users\\Andres\\Documents\\Estancia de investigacion\\MagLev\\STM32F3\\MagLev\\Output\\F3_Template.axf" 
Full Chip Erase Done.
Programming Done.
Verify OK.
Application running ...
