<html>
<body>
<pre>
<h1>µVision Build Log</h1>
<h2>Project:</h2>
C:\Users\Andres\Documents\Estancia de investigacion\MagLev\STM32F3\MagLev\MagLev.uvproj
Project File Date:  05/04/2014

<h2>Output:</h2>
Rebuild target 'MagLev'
assembling startup_stm32f30x.s...
compiling system_stm32f30x.c...
compiling main.c...
Source\main.c(9): warning:  #1295-D: Deprecated declaration ADCConfig - give arg types
  void ADCConfig();
Source\main.c(10): warning:  #1295-D: Deprecated declaration readADC - give arg types
  void readADC();
Source\main.c(11): warning:  #1295-D: Deprecated declaration TIM3_Config - give arg types
  void TIM3_Config();
Source\main.c(52): warning:  #1035-D: single-precision operand implicitly converted to double-precision
                                        u_actual = (error_actual*259.8) - (error_pasado*2.126) - (u_pasado*0.4168); //Ley de control numero 1
Source\main.c(52): warning:  #1035-D: single-precision operand implicitly converted to double-precision
                                        u_actual = (error_actual*259.8) - (error_pasado*2.126) - (u_pasado*0.4168); //Ley de control numero 1
Source\main.c(52): warning:  #1035-D: single-precision operand implicitly converted to double-precision
                                        u_actual = (error_actual*259.8) - (error_pasado*2.126) - (u_pasado*0.4168); //Ley de control numero 1
Source\main.c(69): warning:  #1035-D: single-precision operand implicitly converted to double-precision
                                if(error_actual > -0.05 && error_actual < 0.05){
Source\main.c(70): warning:  #1035-D: single-precision operand implicitly converted to double-precision
                                        corriente = (u_actual*0.0001) + setPoint;
Source\main.c(76): warning:  #1035-D: single-precision operand implicitly converted to double-precision
                                if (corriente <= 0.000001){
Source\main.c(78): warning:  #1035-D: single-precision operand implicitly converted to double-precision
                                }else if(corriente > .8){ //.7 //.65
Source\main.c(81): warning:  #1035-D: single-precision operand implicitly converted to double-precision
                                        dutyC = (int)((2325.5*(corriente)) + 99.683);
Source\main.c(169): warning:  #1-D: last line of file ends without a newline
  }
Source\main.c: 12 warnings, 0 errors
linking...
Program Size: Code=4436 RO-data=424 RW-data=72 ZI-data=1632  
FromELF: creating hex file...
".\Output\F3_Template.axf" - 0 Error(s), 12 Warning(s).
Load "C:\\Users\\Andres\\Documents\\Estancia de investigacion\\MagLev\\STM32F3\\MagLev\\Output\\F3_Template.axf" 
Full Chip Erase Done.
Programming Done.
Verify OK.
Application running ...
</pre>
</body>
</html>
s\\Estancia de investigacion\\MagLev\\STM32F3\\MagLev\\Output\\F3_Template.axf" 
Full Chip Erase Done.
Programming Done.
Verify OK.
Application running ...
