<html>
<body>
<pre>
<h1>µVision Build Log</h1>
<h2>Project:</h2>
C:\Users\Andres\Documents\Estancia de investigacion\MagLev\STM32F3\ledBlinkSTM32F3\F3_Template\F3_Template.uvproj
Project File Date:  03/16/2014

<h2>Output:</h2>
Build target 'F3_Template'
compiling main.c...
Source\main.c(9): warning:  #177-D: variable "i" was declared but never referenced
        char i = 0;
Source\main.c: 1 warning, 0 errors
linking...
Program Size: Code=1012 RO-data=424 RW-data=20 ZI-data=1636  
FromELF: creating hex file...
".\Output\F3_Template.axf" - 0 Error(s), 1 Warning(s).
Load "C:\\Users\\Andres\\Documents\\Estancia de investigacion\\MagLev\\STM32F3\\ledBlinkSTM32F3\\F3_Template\\Output\\F3_Template.axf" 
Full Chip Erase Done.
Programming Done.
Verify OK.
Application running ...
