<html>
<body>
<pre>
<h1>µVision Build Log</h1>
<h2>Project:</h2>
C:\Users\Andres\Documents\Estancia de investigacion\MagLev\codigoBase\ledBlinkSTM32F3\F3_Template\F3_Template.uvproj
Project File Date:  03/16/2014

<h2>Output:</h2>
Build target 'F3_Template'
linking...
Program Size: Code=984 RO-data=424 RW-data=20 ZI-data=1636  
FromELF: creating hex file...
".\Output\F3_Template.axf" - 0 Error(s), 0 Warning(s).
Load "C:\\Users\\Andres\\Documents\\Estancia de investigacion\\MagLev\\codigoBase\\ledBlinkSTM32F3\\F3_Template\\Output\\F3_Template.axf" 
Full Chip Erase Done.
Programming Done.
Verify OK.
Application running ...
OK.
Application running ...
compiling main.c...
Source\main.c(27): warning:  #177-D: variable "k" was declared but never referenced
        unsigned int k,l;
Source\main.c(27): warning:  #177-D: variable "l" was declared but never referenced
        unsigned int k,l;
Source\main.c: 2 warnings, 0 errors
"Source\main.c" - 0 Error(s), 2 Warning(s).
