<html>
<body>
<pre>
<h1>µVision Build Log</h1>
<h2>Project:</h2>
C:\Users\Andres\Documents\Estancia de investigacion\MagLev\STM32F3\blinky_STM32F3\blinky_STM32F3.uvproj
Project File Date:  03/16/2014

<h2>Output:</h2>
Build target 'F3_Template'
linking...
Program Size: Code=972 RO-data=424 RW-data=20 ZI-data=1636  
FromELF: creating hex file...
".\Output\F3_Template.axf" - 0 Error(s), 0 Warning(s).
ation
                GPIOC->ODR = 0xFFFFFF01;
Source\main.c(21): warning:  #69-D: integer conversion resulted in truncation
                GPIOC->ODR = 0xFFFFFF00;
Source\main.c: 2 warnings, 0 errors
linking...
Program Size: Code=972 RO-data=424 RW-data=20 ZI-data=1636  
FromELF: creating hex file...
".\Output\F3_Template.axf" - 0 Error(s), 2 Warning(s).
